"=== Test Show instances ==="
"SomeExceptionWithLocation:"
CustomException
"SomeException:"
CustomException
"CustomException:"
CustomException
