[[("collectHasCallStackBacktrace",SrcLoc {srcLocPackage = "base", srcLocModule = "GHC.Exception", srcLocFile = "libraries/base/GHC/Exception.hs", srcLocStartLine = 70, srcLocStartCol = 15, srcLocEndLine = 70, srcLocEndCol = 43}),("throwWithCallStack",SrcLoc {srcLocPackage = "main", srcLocModule = "Main", srcLocFile = "throwWithCallStack.hs", srcLocStartLine = 12, srcLocStartCol = 10, srcLocEndLine = 12, srcLocEndCol = 28})]]
