"=== Test backtraces ==="
"Backtrace mechanisms []:"
[]
"Backtrace mechanisms [HasCallStackBacktraceMech]:"
[[("collectHasCallStackBacktrace",SrcLoc {srcLocPackage = "base", srcLocModule = "GHC.Exception.Backtrace", srcLocFile = "libraries/base/GHC/Exception/Backtrace.hs", srcLocStartLine = 109, srcLocStartCol = 52, srcLocEndLine = 109, srcLocEndCol = 80}),("collectBacktraces'",SrcLoc {srcLocPackage = "base", srcLocModule = "GHC.Exception.Backtrace", srcLocFile = "libraries/base/GHC/Exception/Backtrace.hs", srcLocStartLine = 102, srcLocStartCol = 27, srcLocEndLine = 102, srcLocEndCol = 45}),("collectBacktraces",SrcLoc {srcLocPackage = "base", srcLocModule = "GHC.Exception", srcLocFile = "libraries/base/GHC/Exception.hs", srcLocStartLine = 60, srcLocStartCol = 15, srcLocEndLine = 60, srcLocEndCol = 32}),("throw",SrcLoc {srcLocPackage = "main", srcLocModule = "Main", srcLocFile = "throw.hs", srcLocStartLine = 56, srcLocStartCol = 28, srcLocEndLine = 56, srcLocEndCol = 33})]]
"Backtrace mechanisms [CostCenterBacktraceMech]:"
[["Main.main (throw.hs:(14,1)-(29,20))","Main.printBacktrace (throw.hs:(32,1)-(42,9))","Main.produceDeepStack (throw.hs:(46,1)-(57,53))","Main.produceDeepStack.getDeepStackCase (throw.hs:(56,5)-(57,53))"]]
"Backtrace mechanisms [IPEBacktraceMech]:"
[[StackEntry {functionName = "main", moduleName = "Main", srcLoc = "throw.hs:22:3-54", closureType = 53},StackEntry {functionName = "printBacktrace", moduleName = "Main", srcLoc = "throw.hs:(35,8)-(41,5)", closureType = 53}]]
"Backtrace mechanisms [IPEBacktraceMech,CostCenterBacktraceMech,HasCallStackBacktraceMech]:"
[[StackEntry {functionName = "printBacktrace", moduleName = "Main", srcLoc = "throw.hs:(35,8)-(41,5)", closureType = 53}],["Main.main (throw.hs:(14,1)-(29,20))","Main.printBacktrace (throw.hs:(32,1)-(42,9))","Main.produceDeepStack (throw.hs:(46,1)-(57,53))","Main.produceDeepStack.getDeepStackCase (throw.hs:(56,5)-(57,53))"],[("collectHasCallStackBacktrace",SrcLoc {srcLocPackage = "base", srcLocModule = "GHC.Exception.Backtrace", srcLocFile = "libraries/base/GHC/Exception/Backtrace.hs", srcLocStartLine = 109, srcLocStartCol = 52, srcLocEndLine = 109, srcLocEndCol = 80}),("collectBacktraces'",SrcLoc {srcLocPackage = "base", srcLocModule = "GHC.Exception.Backtrace", srcLocFile = "libraries/base/GHC/Exception/Backtrace.hs", srcLocStartLine = 102, srcLocStartCol = 27, srcLocEndLine = 102, srcLocEndCol = 45}),("collectBacktraces",SrcLoc {srcLocPackage = "base", srcLocModule = "GHC.Exception", srcLocFile = "libraries/base/GHC/Exception.hs", srcLocStartLine = 60, srcLocStartCol = 15, srcLocEndLine = 60, srcLocEndCol = 32}),("throw",SrcLoc {srcLocPackage = "main", srcLocModule = "Main", srcLocFile = "throw.hs", srcLocStartLine = 56, srcLocStartCol = 28, srcLocEndLine = 56, srcLocEndCol = 33})]]
