[[StackEntry {functionName = "throwExceptionInScrutinee", moduleName = "Main", srcLoc = "throwWithIPEStack.hs:20:53-60", closureType = 53}]]
