[["Main.CAF (<entire-module>)","Main.main (throwWithCostCenterStack.hs:(11,1)-(14,89))"]]
