ghc: panic! (the 'impossible' happened)
  GHC version 9.3.20211208:
	we don't have that yet

Please report this as a GHC bug:  https://www.haskell.org/ghc/reportabug

