Stopped in <exception thrown>, <unknown>
_exception :: e = GHC.Exception.Type.SomeExceptionWithLocation
                    (GHC.Exception.Type.SomeException
                       (GHC.Exception.ErrorCallWithLocation ...))
                    []
:steplocal is not possible.
Cannot determine current top-level binding after a break on error / exception.
Use :stepmodule.
Stopped in <exception thrown>, <unknown>
_exception :: e = GHC.Exception.Type.SomeExceptionWithLocation
                    (GHC.Exception.Type.SomeException
                       (GHC.Exception.ErrorCallWithLocation ...))
                    []
:steplocal is not possible.
Cannot determine current top-level binding after a break on error / exception.
Use :stepmodule.
