[[StackEntry {functionName = "collectBacktracesInScrutinee", moduleName = "Main", srcLoc = "collectBacktraces.hs:(19,1)-(26,35)", closureType = 53},StackEntry {functionName = "collectBacktracesInScrutinee.scrutinee", moduleName = "Main", srcLoc = "collectBacktraces.hs:25:37-53", closureType = 53}],[("collectHasCallStackBacktrace",SrcLoc {srcLocPackage = "base", srcLocModule = "GHC.Exception.Backtrace", srcLocFile = "libraries/base/GHC/Exception/Backtrace.hs", srcLocStartLine = 112, srcLocStartCol = 52, srcLocEndLine = 112, srcLocEndCol = 80}),("collectBacktraces'",SrcLoc {srcLocPackage = "base", srcLocModule = "GHC.Exception.Backtrace", srcLocFile = "libraries/base/GHC/Exception/Backtrace.hs", srcLocStartLine = 105, srcLocStartCol = 27, srcLocEndLine = 105, srcLocEndCol = 45}),("collectBacktraces",SrcLoc {srcLocPackage = "main", srcLocModule = "Main", srcLocFile = "collectBacktraces.hs", srcLocStartLine = 25, srcLocStartCol = 37, srcLocEndLine = 25, srcLocEndCol = 54})],["Main.CAF (<entire-module>)","Main.collectBacktracesInScrutinee (collectBacktraces.hs:(19,1)-(26,35))","Main.collectBacktracesInScrutinee.scrutinee (collectBacktraces.hs:(25,5)-(26,35))"]]
