
==================== Strictness signatures ====================
BottomFromInnerLambda.$trModule:
BottomFromInnerLambda.expensive: <1!P(SA)>
BottomFromInnerLambda.f: <1!P(SA)>



==================== Cpr signatures ====================
BottomFromInnerLambda.$trModule:
BottomFromInnerLambda.expensive: 1
BottomFromInnerLambda.f:



==================== Strictness signatures ====================
BottomFromInnerLambda.$trModule:
BottomFromInnerLambda.expensive: <1!P(1A)>
BottomFromInnerLambda.f: <1!P(1A)>


