
==================== Strictness signatures ====================
DmdAnalGADTs.$tc'A:
DmdAnalGADTs.$tc'B:
DmdAnalGADTs.$tcD:
DmdAnalGADTs.$trModule:
DmdAnalGADTs.diverges: b
DmdAnalGADTs.f: <1L>
DmdAnalGADTs.f': <1L>
DmdAnalGADTs.g: <1L>
DmdAnalGADTs.hasCPR:
DmdAnalGADTs.hasStrSig: <1!P(SL)>



==================== Cpr signatures ====================
DmdAnalGADTs.$tc'A:
DmdAnalGADTs.$tc'B:
DmdAnalGADTs.$tcD:
DmdAnalGADTs.$trModule:
DmdAnalGADTs.diverges: b
DmdAnalGADTs.f:
DmdAnalGADTs.f': 1
DmdAnalGADTs.g:
DmdAnalGADTs.hasCPR:
DmdAnalGADTs.hasStrSig: 1



==================== Strictness signatures ====================
DmdAnalGADTs.$tc'A:
DmdAnalGADTs.$tc'B:
DmdAnalGADTs.$tcD:
DmdAnalGADTs.$trModule:
DmdAnalGADTs.diverges: b
DmdAnalGADTs.f: <1L>
DmdAnalGADTs.f': <1L>
DmdAnalGADTs.g: <1L>
DmdAnalGADTs.hasCPR:
DmdAnalGADTs.hasStrSig: <1!P(SL)>


