
==================== Strictness signatures ====================
HyperStrUse.$trModule:
HyperStrUse.f: <1!P(1!P(SL),A)><1L>



==================== Cpr signatures ====================
HyperStrUse.$trModule:
HyperStrUse.f: 1



==================== Strictness signatures ====================
HyperStrUse.$trModule:
HyperStrUse.f: <1!P(1!P(SL),A)><1L>


