
==================== Strictness signatures ====================
Test.$tc'MkT:
Test.$tcT:
Test.$trModule:
Test.t: <1!P(SL)><1!P(SL)>
Test.t2: <1!P(SL)><1!P(SL)>



==================== Cpr signatures ====================
Test.$tc'MkT:
Test.$tcT:
Test.$trModule:
Test.t: 1
Test.t2: 1



==================== Strictness signatures ====================
Test.$tc'MkT:
Test.$tcT:
Test.$trModule:
Test.t: <1!P(SL)><1!P(SL)>
Test.t2: <1!P(SL)><1!P(SL)>


