
==================== Strictness signatures ====================
T12370.$trModule:
T12370.bar: <1!P(SL)><1!P(SL)>
T12370.foo: <1!P(1!P(SL),1!P(SL))>



==================== Cpr signatures ====================
T12370.$trModule:
T12370.bar: 1
T12370.foo: 1



==================== Strictness signatures ====================
T12370.$trModule:
T12370.bar: <1!P(SL)><1!P(SL)>
T12370.foo: <1!P(1!P(SL),1!P(SL))>


