
==================== Strictness signatures ====================
T13380f.$trModule:
T13380f.f: <1!P(SL)><1!L><SL>
T13380f.g: <1!P(SL)><ML><SL>
T13380f.h: <1!P(SL)><ML><SL>
T13380f.interruptibleCall: <SL>
T13380f.safeCall: <SL>
T13380f.unsafeCall: <SL>



==================== Cpr signatures ====================
T13380f.$trModule:
T13380f.f: 1(, 1)
T13380f.g: 1(, 1)
T13380f.h: 1(, 1)
T13380f.interruptibleCall: 1(, 1)
T13380f.safeCall: 1(, 1)
T13380f.unsafeCall: 1(, 1)



==================== Strictness signatures ====================
T13380f.$trModule:
T13380f.f: <1!P(SL)><1!P(SL)><SL>
T13380f.g: <1!P(SL)><ML><SL>
T13380f.h: <1!P(SL)><ML><SL>
T13380f.interruptibleCall: <SL>
T13380f.safeCall: <SL>
T13380f.unsafeCall: <SL>


