
==================== Strictness signatures ====================
T16859.$tc'External:
T16859.$tc'Internal:
T16859.$tc'Name:
T16859.$tcName:
T16859.$tcNameSort:
T16859.$trModule:
T16859.bar: <1!A><L>
T16859.baz: <1L><1!P(SL)><1C1(P(SL))>
T16859.buz: <1!L>
T16859.foo: <1L><L>
T16859.mkInternalName: <1!P(SL)><1L><1L>
T16859.n_loc: <1!P(A,A,A,1L)>
T16859.n_occ: <1!P(A,1!L,A,A)>
T16859.n_sort: <1!P(1L,A,A,A)>
T16859.n_uniq: <1!P(A,A,SL,A)>



==================== Cpr signatures ====================
T16859.$tc'External:
T16859.$tc'Internal:
T16859.$tc'Name:
T16859.$tcName:
T16859.$tcNameSort:
T16859.$trModule:
T16859.bar: 1
T16859.baz: 1
T16859.buz: 1
T16859.foo: 1
T16859.mkInternalName: 1(1, , ,)
T16859.n_loc:
T16859.n_occ: 1
T16859.n_sort:
T16859.n_uniq: 1



==================== Strictness signatures ====================
T16859.$tc'External:
T16859.$tc'Internal:
T16859.$tc'Name:
T16859.$tcName:
T16859.$tcNameSort:
T16859.$trModule:
T16859.bar: <1!A><L>
T16859.baz: <1L><1!P(SL)><1C1(P(SL))>
T16859.buz: <1!L>
T16859.foo: <1L><L>
T16859.mkInternalName: <1!P(SL)><1L><1L>
T16859.n_loc: <1!P(A,A,A,1L)>
T16859.n_occ: <1!P(A,1!L,A,A)>
T16859.n_sort: <1!P(1L,A,A,A)>
T16859.n_uniq: <1!P(A,A,SL,A)>


