
==================== Strictness signatures ====================
T18086.$trModule:
T18086.m: <SL>x
T18086.panic: <L>x



==================== Cpr signatures ====================
T18086.$trModule:
T18086.m: b
T18086.panic: b



==================== Strictness signatures ====================
T18086.$trModule:
T18086.m: <SL>x
T18086.panic: <L>x


