
==================== Strictness signatures ====================
T18957.$trModule:
T18957.g: <MCM(L)><1!P(SL)>
T18957.h1: <SCM(L)><1!P(SL)>
T18957.h2: <1CM(L)><1!P(SL)>
T18957.h3: <LCL(P(SL))><1!P(SL)>
T18957.seq': <1A><1L>



==================== Cpr signatures ====================
T18957.$trModule:
T18957.g:
T18957.h1:
T18957.h2:
T18957.h3: 1
T18957.seq':



==================== Strictness signatures ====================
T18957.$trModule:
T18957.g: <MCM(L)><1!P(SL)>
T18957.h1: <SCM(L)><1!P(SL)>
T18957.h2: <1CM(L)><1!P(SL)>
T18957.h3: <LCL(P(SL))><1!P(SL)>
T18957.seq': <1A><1L>


