
==================== Strictness signatures ====================
T5075.$trModule:
T5075.f: <S!P(A,A,SCS(C1(A)),A,A,A,A,A)><LP(A,A,LCL(C1(L)),A,A,A,L)><L>
T5075.g: <1!L><S!L>
T5075.h: <S!L>



==================== Cpr signatures ====================
T5075.$trModule:
T5075.f: 1
T5075.g: 2(1)
T5075.h:



==================== Strictness signatures ====================
T5075.$trModule:
T5075.f: <1P(A,A,SCS(C1(A)),A,A,A,A,A)><LP(A,A,LCL(C1(L)),A,A,A,L)><L>
T5075.g: <1!L><S!L>
T5075.h: <1!L>


