
==================== Strictness signatures ====================
T8598.$trModule:
T8598.fun: <1!P(SL)>



==================== Cpr signatures ====================
T8598.$trModule:
T8598.fun: 1



==================== Strictness signatures ====================
T8598.$trModule:
T8598.fun: <1!P(SL)>


