
==================== Strictness signatures ====================
Foo.$trModule:
Foo.f: <1!P(1A)><1!L><1!L>
Foo.g: <1!P(1!L,1!L)>



==================== Cpr signatures ====================
Foo.$trModule:
Foo.f: 1
Foo.g: 1



==================== Strictness signatures ====================
Foo.$trModule:
Foo.f: <1!P(1A)><1!L><1!L>
Foo.g: <1!P(1!L,1!L)>


