0
1
2
3
4
(292)suzanne/robert
(292)suzanne/robert
(292)suzanne/robert
(292)suzanne/robert
(292)suzanne/robert
(292)suzanne/robert
(292)suzanne/robert
(292)suzanne/robert
(292)suzanne/robert
(292)suzanne/robert
(292)suzanne/robert
(292)suzanne/robert
(292)suzanne/robert
(292)suzanne/robert
(292)suzanne/robert
(292)suzanne/robert
